[37;1msource    [0m[37;1mwaldir_size  [0m[37;1mwal,KiB   [0m[37;1mrecords   [0m[37;1mfpi       [0m[37;1mwrite     [0m[37;1msync      [0m[37;1mwrite,ms  [0m[37;1msync,ms   [0m[37;1mbuffers_full  [0m[37;1mstats_age                         [0m
2021/06/14 11:56:34, rate: 1s
WAL       1040 MB      2853.63   691       363       9         9         2.54      814.71    0             9 days 23:12:03
2021/06/14 11:56:35, rate: 1s
WAL       1040 MB      3778.52   916       481       15        14        1.63      1032.14   0             9 days 23:12:04
2021/06/14 11:56:36, rate: 1s
WAL       1040 MB      2664.72   675       339       10        9         2.16      850.71    0             9 days 23:12:05
2021/06/14 11:56:37, rate: 1s
WAL       1040 MB      2300.94   582       293       9         9         1.29      1054.45   0             9 days 23:12:06
2021/06/14 11:56:38, rate: 1s
WAL       1040 MB      2017.38   559       256       11        10        1.07      1013.44   0             9 days 23:12:07
2021/06/14 11:56:39, rate: 1s
WAL       1040 MB      1855.27   513       236       8         8         1.10      1065.70   0             9 days 23:12:08
2021/06/14 11:56:40, rate: 1s
WAL       1040 MB      1128.37   381       143       11        11        3.00      1043.58   0             9 days 23:12:09
2021/06/14 11:56:41, rate: 1s
WAL       1040 MB      1981.06   530       252       8         8         0.52      659.25    0             9 days 23:12:10
2021/06/14 11:56:42, rate: 1s
WAL       1040 MB      1712.58   586       217       13        12        1.30      1336.60   0             9 days 23:12:11
