         [37;1mpid       [0m[37;1mxact_age  [0m[37;1mdatname   [0m[37;1mrelation          [0m[37;1mstate     [0m[37;1mwaiting          [0m[37;1mphase                  [0m[37;1msample_size,KiB  [0m[37;1mscanned,%  [0m[37;1mext_total/done  [0m[37;1mchild_total/done,%  [0m[37;1mchild_in_progress  [0m
11:56:34 3788780   00:00:02  pgbench   pgbench_accounts  active    IO.DataFileRead  acquiring sample rows  1967216          11.00      0/0             0/0.00              -
11:56:35 3788780   00:00:03  pgbench   pgbench_accounts  active    IO.DataFileRead  acquiring sample rows  1967216          15.00      0/0             0/0.00              -
11:56:36 3788780   00:00:04  pgbench   pgbench_accounts  active    IO.DataFileRead  acquiring sample rows  1967216          20.00      0/0             0/0.00              -
11:56:37 3788780   00:00:05  pgbench   pgbench_accounts  active    f                acquiring sample rows  1967216          27.00      0/0             0/0.00              -
11:56:38 3788780   00:00:06  pgbench   pgbench_accounts  active    IO.DataFileRead  acquiring sample rows  1967216          33.00      0/0             0/0.00              -
11:56:39 3788780   00:00:07  pgbench   pgbench_accounts  active    f                acquiring sample rows  1967216          39.00      0/0             0/0.00              -
11:56:40 3788780   00:00:08  pgbench   pgbench_accounts  active    f                acquiring sample rows  1967216          45.00      0/0             0/0.00              -
11:56:41 3788780   00:00:09  pgbench   pgbench_accounts  active    IO.DataFilePre~  acquiring sample rows  1967216          52.00      0/0             0/0.00              -
11:56:42 3788780   00:00:10  pgbench   pgbench_accounts  active    IO.DataFileRead  acquiring sample rows  1967216          59.00      0/0             0/0.00              -
