[37;1mdatname         [0m[37;1mbackends_total  [0m[37;1mcommits   [0m[37;1mrollbacks  [0m[37;1mread,KiB  [0m[37;1mhits      [0m[37;1mreturned  [0m[37;1mfetched   [0m[37;1minserts   [0m[37;1mupdates   [0m[37;1mdeletes   [0m[37;1mconflicts  [0m[37;1mdeadlocks  [0m[37;1mcsum_fails  [0m[37;1mtemp_files  [0m[37;1mtemp_bytes  [0m[37;1mread,ms   [0m[37;1mwrite,ms  [0m[37;1mstats_age                         [0m
2021/06/14 11:56:34, rate: 1s
template1       0               0         0          0         0         0         0         0         0         0         0          0          0           0           0           0.00      0.00      5 days 02:04:55
template0       0               0         0          0         0         0         0         0         0         0         0          0          0           0           0           0.00      0.00      
postgres        0               0         0          0         0         0         0         0         0         0         0          0          0           0           0           0.00      0.00      10 days 00:25:19
pgscv_fixtures  0               0         0          0         0         0         0         0         0         0         0          0          0           0           0           0.00      0.00      10 days 00:24:45
pgbench         3               196       0          3000      3295      8543      1825      0         0         0         0          0          0           0           0           1963.38   0.00      10 days 00:24:45
lesovsky        1               7         0          0         0         0         0         0         0         0         0          0          0           0           0           0.00      0.00      10 days 00:24:45
                0               0         0          0         42        86        9         0         0         0         0          0          0           0           0           0.00      0.00      10 days 00:25:35
2021/06/14 11:56:35, rate: 1s
template1       0               0         0          0         0         0         0         0         0         0         0          0          0           0           0           0.00      0.00      5 days 02:04:56
template0       0               0         0          0         0         0         0         0         0         0         0          0          0           0           0           0.00      0.00      
postgres        0               0         0          0         0         0         0         0         0         0         0          0          0           0           0           0.00      0.00      10 days 00:25:20
pgscv_fixtures  0               0         0          0         0         0         0         0         0         0         0          0          0           0           0           0.00      0.00      10 days 00:24:46
pgbench         3               211       0          3056      3347      8557      1840      0         0         0         0          0          0           0           0           1973.61   0.00      10 days 00:24:46
lesovsky        1               7         0          0         0         0         0         0         0         0         0          0          0           0           0           0.00      0.00      10 days 00:24:46
                0               0         0          0         42        86        9         0         0         0         0          0          0           0           0           0.00      0.00      10 days 00:25:36
2021/06/14 11:56:36, rate: 1s
template1       0               0         0          0         0         0         0         0         0         0         0          0          0           0           0           0.00      0.00      5 days 02:04:57
template0       0               0         0          0         0         0         0         0         0         0         0          0          0           0           0           0.00      0.00      
postgres        0               0         0          0         0         0         0         0         0         0         0          0          0           0           0           0.00      0.00      10 days 00:25:21
pgscv_fixtures  0               0         0          0         0         0         0         0         0         0         0          0          0           0           0           0.00      0.00      10 days 00:24:47
pgbench         3               149       0          2000      3231      8495      1778      0         0         0         0          0          0           0           0           1604.04   0.00      10 days 00:24:47
lesovsky        1               7         0          0         0         0         0         0         0         0         0          0          0           0           0           0.00      0.00      10 days 00:24:47
                0               0         0          0         42        86        9         0         0         0         0          0          0           0           0           0.00      0.00      10 days 00:25:37
[37;1mdatname         [0m[37;1mbackends_total  [0m[37;1mcommits   [0m[37;1mrollbacks  [0m[37;1mread,KiB  [0m[37;1mhits      [0m[37;1mreturned  [0m[37;1mfetched   [0m[37;1minserts   [0m[37;1mupdates   [0m[37;1mdeletes   [0m[37;1mconflicts  [0m[37;1mdeadlocks  [0m[37;1mcsum_fails  [0m[37;1mtemp_files  [0m[37;1mtemp_bytes  [0m[37;1mread,ms   [0m[37;1mwrite,ms  [0m[37;1mstats_age                         [0m
2021/06/14 11:56:37, rate: 1s
template1       0               2         0          0         97        1637      14        0         0         0         0          0          0           0           0           0.00      0.00      5 days 02:04:58
template0       0               0         0          0         0         0         0         0         0         0         0          0          0           0           0           0.00      0.00      
postgres        0               0         0          0         0         0         0         0         0         0         0          0          0           0           0           0.00      0.00      10 days 00:25:22
pgscv_fixtures  0               0         0          0         0         0         0         0         0         0         0          0          0           0           0           0.00      0.00      10 days 00:24:48
pgbench         3               238       0          3424      3409      8584      1867      0         0         0         0          0          0           0           0           1950.33   0.00      10 days 00:24:48
lesovsky        1               7         0          0         0         0         0         0         0         0         0          0          0           0           0           0.00      0.00      10 days 00:24:48
                0               0         0          0         67        98        15        0         0         0         0          0          0           0           0           0.00      0.00      10 days 00:25:38
2021/06/14 11:56:38, rate: 1s
template1       0               0         0          0         0         0         0         0         0         0         0          0          0           0           0           0.00      0.00      5 days 02:04:59
template0       0               0         0          0         0         0         0         0         0         0         0          0          0           0           0           0.00      0.00      
postgres        0               0         0          0         0         0         0         0         0         0         0          0          0           0           0           0.00      0.00      10 days 00:25:23
pgscv_fixtures  0               0         0          0         0         0         0         0         0         0         0          0          0           0           0           0.00      0.00      10 days 00:24:49
pgbench         3               223       0          3184      3379      8569      1852      0         0         0         0          0          0           0           0           1966.75   0.00      10 days 00:24:49
lesovsky        1               7         0          0         0         0         0         0         0         0         0          0          0           0           0           0.00      0.00      10 days 00:24:49
                0               0         0          0         42        86        9         0         0         0         0          0          0           0           0           0.00      0.00      10 days 00:25:39
2021/06/14 11:56:39, rate: 1s
template1       0               0         0          0         0         0         0         0         0         0         0          0          0           0           0           0.00      0.00      5 days 02:05:00
template0       0               0         0          0         0         0         0         0         0         0         0          0          0           0           0           0.00      0.00      
postgres        0               0         0          0         0         0         0         0         0         0         0          0          0           0           0           0.00      0.00      10 days 00:25:24
pgscv_fixtures  0               0         0          0         0         0         0         0         0         0         0          0          0           0           0           0.00      0.00      10 days 00:24:50
pgbench         3               219       0          3040      3381      8565      1848      0         0         0         0          0          0           0           0           1960.95   0.00      10 days 00:24:50
lesovsky        1               7         0          0         0         0         0         0         0         0         0          0          0           0           0           0.00      0.00      10 days 00:24:50
                0               0         0          0         42        86        9         0         0         0         0          0          0           0           0           0.00      0.00      10 days 00:25:40
[37;1mdatname         [0m[37;1mbackends_total  [0m[37;1mcommits   [0m[37;1mrollbacks  [0m[37;1mread,KiB  [0m[37;1mhits      [0m[37;1mreturned  [0m[37;1mfetched   [0m[37;1minserts   [0m[37;1mupdates   [0m[37;1mdeletes   [0m[37;1mconflicts  [0m[37;1mdeadlocks  [0m[37;1mcsum_fails  [0m[37;1mtemp_files  [0m[37;1mtemp_bytes  [0m[37;1mread,ms   [0m[37;1mwrite,ms  [0m[37;1mstats_age                         [0m
2021/06/14 11:56:40, rate: 1s
template1       0               0         0          0         0         0         0         0         0         0         0          0          0           0           0           0.00      0.00      5 days 02:05:01
template0       0               0         0          0         0         0         0         0         0         0         0          0          0           0           0           0.00      0.00      
postgres        0               0         0          0         0         0         0         0         0         0         0          0          0           0           0           0.00      0.00      10 days 00:25:25
pgscv_fixtures  0               0         0          0         0         0         0         0         0         0         0          0          0           0           0           0.00      0.00      10 days 00:24:51
pgbench         3               238       0          3384      3414      8584      1867      0         0         0         0          0          0           0           0           1954.13   0.00      10 days 00:24:51
lesovsky        1               7         0          0         0         0         0         0         0         0         0          0          0           0           0           0.00      0.00      10 days 00:24:51
                0               0         0          0         42        86        9         0         0         0         0          0          0           0           0           0.00      0.00      10 days 00:25:41
2021/06/14 11:56:41, rate: 1s
template1       0               0         0          0         0         0         0         0         0         0         0          0          0           0           0           0.00      0.00      5 days 02:05:02
template0       0               0         0          0         0         0         0         0         0         0         0          0          0           0           0           0.00      0.00      
postgres        0               0         0          0         0         0         0         0         0         0         0          0          0           0           0           0.00      0.00      10 days 00:25:26
pgscv_fixtures  0               0         0          0         0         0         0         0         0         0         0          0          0           0           0           0.00      0.00      10 days 00:24:52
pgbench         3               238       0          3360      3417      8584      1867      0         0         0         0          0          0           0           0           1953.26   0.00      10 days 00:24:52
lesovsky        1               2         0          0         97        1637      14        0         0         0         0          0          0           0           0           0.00      0.00      10 days 00:24:52
                0               0         0          0         62        91        14        0         0         0         0          0          0           0           0           0.00      0.00      10 days 00:25:42
2021/06/14 11:56:42, rate: 1s
template1       0               0         0          0         0         0         0         0         0         0         0          0          0           0           0           0.00      0.00      5 days 02:05:03
template0       0               0         0          0         0         0         0         0         0         0         0          0          0           0           0           0.00      0.00      
postgres        0               0         0          0         0         0         0         0         0         0         0          0          0           0           0           0.00      0.00      10 days 00:25:27
pgscv_fixtures  0               0         0          0         0         0         0         0         0         0         0          0          0           0           0           0.00      0.00      10 days 00:24:53
pgbench         3               229       0          3224      3398      8575      1858      0         0         0         0          0          0           0           0           1973.64   0.00      10 days 00:24:53
lesovsky        1               14        0          0         0         0         0         0         0         0         0          0          0           0           0           0.00      0.00      10 days 00:24:53
                0               0         0          0         49        94        11        0         0         0         0          0          0           0           0           0.00      0.00      10 days 00:25:43
