0001/01/01 00:00:00, rate: 1s
example_db   5423      24         8452      8452145   45214     58452     4521      45221     45854     248        785        2           4774        698785411   4582.02   42.12     10 days 10:10:10
example_db2  84521     866        59654     485421    86421     89642     9869      45212     96969     124        858        0           8457        6581546     2445.77   458.01    10 days 10:10:10
